
> nextn@0.1.0 typecheck
> tsc --noEmit

.next/types/app/communication/page.ts(34,13): error TS2344: Type 'OmitWithTag<{ title?: string | undefined; }, keyof PageProps, "default">' does not satisfy the constraint '{ [x: string]: never; }'.
  Property 'title' is incompatible with index signature.
    Type 'string' is not assignable to type 'never'.
.next/types/app/communication/page.ts(34,29): error TS2559: Type '{ title?: string | undefined; }' has no properties in common with type 'PageProps'.
.next/types/app/properties/[propertyId]/page.ts(34,13): error TS2344: Type 'OmitWithTag<{ title?: string | undefined; }, keyof PageProps, "default">' does not satisfy the constraint '{ [x: string]: never; }'.
  Property 'title' is incompatible with index signature.
    Type 'string' is not assignable to type 'never'.
.next/types/app/properties/[propertyId]/page.ts(34,29): error TS2559: Type '{ title?: string | undefined; }' has no properties in common with type 'PageProps'.
.next/types/app/properties/page.ts(34,13): error TS2344: Type 'OmitWithTag<{ title?: string | undefined; }, keyof PageProps, "default">' does not satisfy the constraint '{ [x: string]: never; }'.
  Property 'title' is incompatible with index signature.
    Type 'string' is not assignable to type 'never'.
.next/types/app/properties/page.ts(34,29): error TS2559: Type '{ title?: string | undefined; }' has no properties in common with type 'PageProps'.
.next/types/app/reports/page.ts(34,13): error TS2344: Type 'OmitWithTag<{ title?: string | undefined; }, keyof PageProps, "default">' does not satisfy the constraint '{ [x: string]: never; }'.
  Property 'title' is incompatible with index signature.
    Type 'string' is not assignable to type 'never'.
.next/types/app/reports/page.ts(34,29): error TS2559: Type '{ title?: string | undefined; }' has no properties in common with type 'PageProps'.
.next/types/app/settings/page.ts(34,13): error TS2344: Type 'OmitWithTag<{ title?: string | undefined; }, keyof PageProps, "default">' does not satisfy the constraint '{ [x: string]: never; }'.
  Property 'title' is incompatible with index signature.
    Type 'string' is not assignable to type 'never'.
.next/types/app/settings/page.ts(34,29): error TS2559: Type '{ title?: string | undefined; }' has no properties in common with type 'PageProps'.
.next/types/app/tenants/[tenantId]/page.ts(34,13): error TS2344: Type 'OmitWithTag<{ title?: string | undefined; }, keyof PageProps, "default">' does not satisfy the constraint '{ [x: string]: never; }'.
  Property 'title' is incompatible with index signature.
    Type 'string' is not assignable to type 'never'.
.next/types/app/tenants/[tenantId]/page.ts(34,29): error TS2559: Type '{ title?: string | undefined; }' has no properties in common with type 'PageProps'.
.next/types/app/tenants/page.ts(34,13): error TS2344: Type 'OmitWithTag<{ title?: string | undefined; }, keyof PageProps, "default">' does not satisfy the constraint '{ [x: string]: never; }'.
  Property 'title' is incompatible with index signature.
    Type 'string' is not assignable to type 'never'.
.next/types/app/tenants/page.ts(34,29): error TS2559: Type '{ title?: string | undefined; }' has no properties in common with type 'PageProps'.
functions/src/index.ts(10,32): error TS2307: Cannot find module 'firebase-functions' or its corresponding type declarations.
functions/src/index.ts(11,25): error TS2307: Cannot find module 'firebase-functions/https' or its corresponding type declarations.
functions/src/index.ts(12,25): error TS2307: Cannot find module 'firebase-functions/logger' or its corresponding type declarations.
src/app/actions/send-sms.ts(4,28): error TS7016: Could not find a declaration file for module 'africastalking'. 'C:/Users/mutem/Assetta/node_modules/africastalking/index.js' implicitly has an 'any' type.
  Try `npm i --save-dev @types/africastalking` if it exists or add a new declaration (.d.ts) file containing `declare module 'africastalking';`
src/components/dashboard/occupancy-chart.tsx(93,37): error TS2769: No overload matches this call.
  Overload 1 of 2, '(props: Props): YAxis', gave the following error.
    Object literal may only specify known properties, and 'textOverflow' does not exist in type 'SVGProps<SVGTextElement> | ReactElement<SVGElement, string | JSXElementConstructor<any>> | ((props: any) => ReactElement<...>)'.
  Overload 2 of 2, '(props: Props, context: any): YAxis', gave the following error.
    Object literal may only specify known properties, and 'textOverflow' does not exist in type 'SVGProps<SVGTextElement> | ReactElement<SVGElement, string | JSXElementConstructor<any>> | ((props: any) => ReactElement<...>)'.
src/lib/data.ts(33,7): error TS2741: Property 'status' is missing in type '{ id: string; date: string; amount: number; method: "Mobile Money"; }' but required in type 'Payment'.
src/lib/data.ts(34,7): error TS2741: Property 'status' is missing in type '{ id: string; date: string; amount: number; method: "Mobile Money"; }' but required in type 'Payment'.
src/lib/data.ts(51,7): error TS2741: Property 'status' is missing in type '{ id: string; date: string; amount: number; method: "Bank Transfer"; }' but required in type 'Payment'.
src/lib/data.ts(52,7): error TS2741: Property 'status' is missing in type '{ id: string; date: string; amount: number; method: "Bank Transfer"; }' but required in type 'Payment'.
src/lib/data.ts(69,7): error TS2741: Property 'status' is missing in type '{ id: string; date: string; amount: number; method: "Mobile Money"; }' but required in type 'Payment'.
src/lib/data.ts(70,7): error TS2741: Property 'status' is missing in type '{ id: string; date: string; amount: number; method: "Cash"; }' but required in type 'Payment'.
src/lib/data.ts(87,7): error TS2741: Property 'status' is missing in type '{ id: string; date: string; amount: number; method: "Mobile Money"; }' but required in type 'Payment'.
src/lib/data.ts(88,7): error TS2741: Property 'status' is missing in type '{ id: string; date: string; amount: number; method: "Mobile Money"; }' but required in type 'Payment'.
src/lib/data.ts(105,8): error TS2741: Property 'status' is missing in type '{ id: string; date: string; amount: number; method: "Bank Transfer"; }' but required in type 'Payment'.
src/lib/data.ts(106,8): error TS2741: Property 'status' is missing in type '{ id: string; date: string; amount: number; method: "Bank Transfer"; }' but required in type 'Payment'.
src/lib/data.ts(165,3): error TS2353: Object literal may only specify known properties, and 'totalUnits' does not exist in type 'OverviewStats'.
